This file has Windows type of line endings
and spaces of course
