This file has old Mac type of line endingsand spaces of course